main.c:239:5:main	24	static
main.c:342:6:SystemClock_Config	88	static
main.c:386:13:MX_ADC1_Init	24	static
main.c:431:13:MX_USART2_UART_Init	8	static
main.c:464:13:MX_GPIO_Init	48	static
main.c:573:6:updateDisp	8	static
main.c:645:6:timeKeeper	16	static
main.c:673:6:renderPaddle	4	static
main.c:678:6:updateMovement	16	static
main.c:720:6:updateMovement1	4	static
main.c:801:6:updateBall	16	static
main.c:982:6:inputHandler	16	static
main.c:1024:6:copyMatrix	24	static
main.c:1036:6:mazeSelect	8	static
main.c:1112:6:modeMaze	24	static
main.c:1197:6:modeTennis	32	static
main.c:1273:6:displayTest	120	static
main.c:1409:6:Error_Handler	4	static
